{
  "version": "1.5.0",
  "plugins_used": [
    {
      "name": "ArtifactoryDetector"
    },
    {
      "name": "AWSKeyDetector"
    },
    {
      "name": "AzureStorageKeyDetector"
    },
    {
      "name": "Base64HighEntropyString",
      "limit": 4.5
    },
    {
      "name": "BasicAuthDetector"
    },
    {
      "name": "CloudantDetector"
    },
    {
      "name": "DiscordBotTokenDetector"
    },
    {
      "name": "GitHubTokenDetector"
    },
    {
      "name": "GitLabTokenDetector"
    },
    {
      "name": "HexHighEntropyString",
      "limit": 3.0
    },
    {
      "name": "IbmCloudIamDetector"
    },
    {
      "name": "IbmCosHmacDetector"
    },
    {
      "name": "IPPublicDetector"
    },
    {
      "name": "JwtTokenDetector"
    },
    {
      "name": "KeywordDetector",
      "keyword_exclude": ""
    },
    {
      "name": "MailchimpDetector"
    },
    {
      "name": "NpmDetector"
    },
    {
      "name": "OpenAIDetector"
    },
    {
      "name": "PrivateKeyDetector"
    },
    {
      "name": "PypiTokenDetector"
    },
    {
      "name": "SendGridDetector"
    },
    {
      "name": "SlackDetector"
    },
    {
      "name": "SoftlayerDetector"
    },
    {
      "name": "SquareOAuthDetector"
    },
    {
      "name": "StripeDetector"
    },
    {
      "name": "TelegramBotTokenDetector"
    },
    {
      "name": "TwilioKeyDetector"
    }
  ],
  "filters_used": [
    {
      "path": "detect_secrets.filters.allowlist.is_line_allowlisted"
    },
    {
      "path": "detect_secrets.filters.common.is_baseline_file",
      "filename": "/home/mi/ws/gogo/roboclaws/.secrets.baseline"
    },
    {
      "path": "detect_secrets.filters.common.is_ignored_due_to_verification_policies",
      "min_level": 2
    },
    {
      "path": "detect_secrets.filters.heuristic.is_indirect_reference"
    },
    {
      "path": "detect_secrets.filters.heuristic.is_likely_id_string"
    },
    {
      "path": "detect_secrets.filters.heuristic.is_lock_file"
    },
    {
      "path": "detect_secrets.filters.heuristic.is_not_alphanumeric_string"
    },
    {
      "path": "detect_secrets.filters.heuristic.is_potential_uuid"
    },
    {
      "path": "detect_secrets.filters.heuristic.is_prefixed_with_dollar_sign"
    },
    {
      "path": "detect_secrets.filters.heuristic.is_sequential_string"
    },
    {
      "path": "detect_secrets.filters.heuristic.is_swagger_file"
    },
    {
      "path": "detect_secrets.filters.heuristic.is_templated_secret"
    },
    {
      "path": "detect_secrets.filters.regex.should_exclude_file",
      "pattern": [
        "(PUBLIC-MEMBERSHIP\\.json|\\.secrets\\.baseline)"
      ]
    }
  ],
  "results": {
    "assets/maps/molmospaces-procthor-val-0-7/semantics.json": [
      {
        "type": "Base64 High Entropy String",
        "filename": "assets/maps/molmospaces-procthor-val-0-7/semantics.json",
        "hashed_secret": "11e18edbdf99a99adb38c222c9a96b3ebaa9113a",
        "is_verified": false,
        "line_number": 124
      },
      {
        "type": "Base64 High Entropy String",
        "filename": "assets/maps/molmospaces-procthor-val-0-7/semantics.json",
        "hashed_secret": "9bb52748ea6193098cb2bf8d782c914815a11bde",
        "is_verified": false,
        "line_number": 196
      }
    ],
    "roboclaws/agents/provider_registry.py": [
      {
        "type": "Secret Keyword",
        "filename": "roboclaws/agents/provider_registry.py",
        "hashed_secret": "1e0c98a60dd81e8572e5f8e7b8b73a58c7243ee4",
        "is_verified": false,
        "line_number": 217
      },
      {
        "type": "Secret Keyword",
        "filename": "roboclaws/agents/provider_registry.py",
        "hashed_secret": "0bb40964ad52813c1979f7b24ffdfda36d440b27",
        "is_verified": false,
        "line_number": 241
      }
    ],
    "roboclaws/core/providers/openai.py": [
      {
        "type": "Secret Keyword",
        "filename": "roboclaws/core/providers/openai.py",
        "hashed_secret": "02ecb94373bfb3dfe827ca18409f50b016e8302a",
        "is_verified": false,
        "line_number": 107
      }
    ],
    "roboclaws/household/ci_live_reports.py": [
      {
        "type": "Secret Keyword",
        "filename": "roboclaws/household/ci_live_reports.py",
        "hashed_secret": "0bb40964ad52813c1979f7b24ffdfda36d440b27",
        "is_verified": false,
        "line_number": 57
      }
    ],
    "scripts/dev/run_isaac_eval_image_offline_smoke.sh": [
      {
        "type": "Hex High Entropy String",
        "filename": "scripts/dev/run_isaac_eval_image_offline_smoke.sh",
        "hashed_secret": "0f79713fbfce4b9c28689bdbd646f4dba67250ca",
        "is_verified": false,
        "line_number": 57
      }
    ],
    "tests/contract/dev_tools/test_molmospaces_source_pin.py": [
      {
        "type": "Hex High Entropy String",
        "filename": "tests/contract/dev_tools/test_molmospaces_source_pin.py",
        "hashed_secret": "6bb35043481abdc89f6e56d0820699df01e1deb2",
        "is_verified": false,
        "line_number": 9
      }
    ],
    "tests/contract/molmo_cleanup/test_scene_camera_comparison.py": [
      {
        "type": "Hex High Entropy String",
        "filename": "tests/contract/molmo_cleanup/test_scene_camera_comparison.py",
        "hashed_secret": "6bb35043481abdc89f6e56d0820699df01e1deb2",
        "is_verified": false,
        "line_number": 289
      }
    ],
    "tests/contract/openclaw/test_openclaw_bootstrap.py": [
      {
        "type": "Secret Keyword",
        "filename": "tests/contract/openclaw/test_openclaw_bootstrap.py",
        "hashed_secret": "03a789f8151f2bddf88cad66a5b09b75cd0810be",
        "is_verified": false,
        "line_number": 129
      }
    ],
    "tests/unit/agents/test_live_runtime.py": [
      {
        "type": "Secret Keyword",
        "filename": "tests/unit/agents/test_live_runtime.py",
        "hashed_secret": "e5b33a6a9df8129d9267451a20f3b79256b650a7",
        "is_verified": false,
        "line_number": 991
      },
      {
        "type": "Secret Keyword",
        "filename": "tests/unit/agents/test_live_runtime.py",
        "hashed_secret": "b0aa61af9325d0705013fd4012eb9efbb93abb7e",
        "is_verified": false,
        "line_number": 1203
      },
      {
        "type": "Secret Keyword",
        "filename": "tests/unit/agents/test_live_runtime.py",
        "hashed_secret": "c0455ffb4cca264d88c49b6483b80695c5b38da1",
        "is_verified": false,
        "line_number": 2031
      },
      {
        "type": "Secret Keyword",
        "filename": "tests/unit/agents/test_live_runtime.py",
        "hashed_secret": "bea2f7b64fab8d1d414d0449530b1e088d36d5b1",
        "is_verified": false,
        "line_number": 2032
      },
      {
        "type": "Secret Keyword",
        "filename": "tests/unit/agents/test_live_runtime.py",
        "hashed_secret": "21b0c14f27cc4dc35d93e31a3b32b852949acaf3",
        "is_verified": false,
        "line_number": 6361
      }
    ],
    "tests/unit/agents/test_openai_agents_minimax_provider.py": [
      {
        "type": "Secret Keyword",
        "filename": "tests/unit/agents/test_openai_agents_minimax_provider.py",
        "hashed_secret": "c960bf09921a0ca2133caeed62c1e29dce3f0f42",
        "is_verified": false,
        "line_number": 78
      }
    ],
    "tests/unit/evals/test_session_live_eval.py": [
      {
        "type": "Secret Keyword",
        "filename": "tests/unit/evals/test_session_live_eval.py",
        "hashed_secret": "a62f2225bf70bfaccbc7f1ef2a397836717377de",
        "is_verified": false,
        "line_number": 126
      }
    ],
    "tests/unit/molmo_cleanup/test_isaac_lab_backend.py": [
      {
        "type": "Base64 High Entropy String",
        "filename": "tests/unit/molmo_cleanup/test_isaac_lab_backend.py",
        "hashed_secret": "2d7329d8704b56638d652dc493359db2fe7bc686",
        "is_verified": false,
        "line_number": 3010
      },
      {
        "type": "Base64 High Entropy String",
        "filename": "tests/unit/molmo_cleanup/test_isaac_lab_backend.py",
        "hashed_secret": "96da57906b91ad21f24eb5f63a5284da29fdb38a",
        "is_verified": false,
        "line_number": 3113
      },
      {
        "type": "Base64 High Entropy String",
        "filename": "tests/unit/molmo_cleanup/test_isaac_lab_backend.py",
        "hashed_secret": "e27c59f79a58257f5420d5828ba1ab5c16e6b645",
        "is_verified": false,
        "line_number": 3214
      },
      {
        "type": "Base64 High Entropy String",
        "filename": "tests/unit/molmo_cleanup/test_isaac_lab_backend.py",
        "hashed_secret": "c1fb7b3dfebc95b88d2b3c282ae38564d8b40b85",
        "is_verified": false,
        "line_number": 3223
      }
    ],
    "tests/unit/molmo_cleanup/test_visual_grounding.py": [
      {
        "type": "Secret Keyword",
        "filename": "tests/unit/molmo_cleanup/test_visual_grounding.py",
        "hashed_secret": "1ae0af3fe72b3ba394f9fa95a6cffc090d726c23",
        "is_verified": false,
        "line_number": 31
      }
    ],
    "tests/unit/operator_console/test_agibot_readiness_context.py": [
      {
        "type": "Secret Keyword",
        "filename": "tests/unit/operator_console/test_agibot_readiness_context.py",
        "hashed_secret": "a62f2225bf70bfaccbc7f1ef2a397836717377de",
        "is_verified": false,
        "line_number": 12
      }
    ],
    "tests/unit/operator_console/test_launcher.py": [
      {
        "type": "Secret Keyword",
        "filename": "tests/unit/operator_console/test_launcher.py",
        "hashed_secret": "a62f2225bf70bfaccbc7f1ef2a397836717377de",
        "is_verified": false,
        "line_number": 39
      },
      {
        "type": "Secret Keyword",
        "filename": "tests/unit/operator_console/test_launcher.py",
        "hashed_secret": "435877e6a8e84c4e19e76cac18db8129f9795dcd",
        "is_verified": false,
        "line_number": 1146
      }
    ],
    "tests/unit/operator_console/test_launcher_provider_profile_selection.py": [
      {
        "type": "Secret Keyword",
        "filename": "tests/unit/operator_console/test_launcher_provider_profile_selection.py",
        "hashed_secret": "a62f2225bf70bfaccbc7f1ef2a397836717377de",
        "is_verified": false,
        "line_number": 35
      }
    ],
    "tests/unit/operator_console/test_operator_console.py": [
      {
        "type": "Secret Keyword",
        "filename": "tests/unit/operator_console/test_operator_console.py",
        "hashed_secret": "a62f2225bf70bfaccbc7f1ef2a397836717377de",
        "is_verified": false,
        "line_number": 63
      },
      {
        "type": "Secret Keyword",
        "filename": "tests/unit/operator_console/test_operator_console.py",
        "hashed_secret": "dff6d4ff5dc357cf451d1855ab9cbda562645c9f",
        "is_verified": false,
        "line_number": 529
      }
    ],
    "tests/unit/operator_console/test_operator_session_followup.py": [
      {
        "type": "Secret Keyword",
        "filename": "tests/unit/operator_console/test_operator_session_followup.py",
        "hashed_secret": "a62f2225bf70bfaccbc7f1ef2a397836717377de",
        "is_verified": false,
        "line_number": 32
      }
    ],
    "tests/unit/operator_console/test_redaction.py": [
      {
        "type": "Base64 High Entropy String",
        "filename": "tests/unit/operator_console/test_redaction.py",
        "hashed_secret": "bd7f9308130158ac3b9a04b1ad7ca422aa678d3c",
        "is_verified": false,
        "line_number": 13
      },
      {
        "type": "Secret Keyword",
        "filename": "tests/unit/operator_console/test_redaction.py",
        "hashed_secret": "e80e686e90d9a3fcd088226e82fc183673a95e64",
        "is_verified": false,
        "line_number": 19
      },
      {
        "type": "Secret Keyword",
        "filename": "tests/unit/operator_console/test_redaction.py",
        "hashed_secret": "0a4a484e19e63a674255c2ca0db386e778b9d922",
        "is_verified": false,
        "line_number": 20
      },
      {
        "type": "Secret Keyword",
        "filename": "tests/unit/operator_console/test_redaction.py",
        "hashed_secret": "9c0f249c9f4a6a7bb88cf8728defba8b86b6808d",
        "is_verified": false,
        "line_number": 23
      },
      {
        "type": "Base64 High Entropy String",
        "filename": "tests/unit/operator_console/test_redaction.py",
        "hashed_secret": "4322bdf9ddc744c7a785b58b07ba1b2647fe25fa",
        "is_verified": false,
        "line_number": 39
      }
    ],
    "tests/unit/operator_console/test_runtime_inventory.py": [
      {
        "type": "Secret Keyword",
        "filename": "tests/unit/operator_console/test_runtime_inventory.py",
        "hashed_secret": "a62f2225bf70bfaccbc7f1ef2a397836717377de",
        "is_verified": false,
        "line_number": 22
      }
    ],
    "tests/unit/operator_console/test_wrapper_launch_failure.py": [
      {
        "type": "Secret Keyword",
        "filename": "tests/unit/operator_console/test_wrapper_launch_failure.py",
        "hashed_secret": "a62f2225bf70bfaccbc7f1ef2a397836717377de",
        "is_verified": false,
        "line_number": 19
      }
    ],
    "tests/unit/providers/test_check_model_providers.py": [
      {
        "type": "Secret Keyword",
        "filename": "tests/unit/providers/test_check_model_providers.py",
        "hashed_secret": "02ecb94373bfb3dfe827ca18409f50b016e8302a",
        "is_verified": false,
        "line_number": 57
      },
      {
        "type": "Secret Keyword",
        "filename": "tests/unit/providers/test_check_model_providers.py",
        "hashed_secret": "1e0c98a60dd81e8572e5f8e7b8b73a58c7243ee4",
        "is_verified": false,
        "line_number": 191
      },
      {
        "type": "Secret Keyword",
        "filename": "tests/unit/providers/test_check_model_providers.py",
        "hashed_secret": "9b86f93c66562c2612bd5a911294e5d3d931fa4c",
        "is_verified": false,
        "line_number": 207
      }
    ],
    "tests/unit/providers/test_model_matrix_benchmark.py": [
      {
        "type": "Secret Keyword",
        "filename": "tests/unit/providers/test_model_matrix_benchmark.py",
        "hashed_secret": "0bb40964ad52813c1979f7b24ffdfda36d440b27",
        "is_verified": false,
        "line_number": 69
      },
      {
        "type": "Secret Keyword",
        "filename": "tests/unit/providers/test_model_matrix_benchmark.py",
        "hashed_secret": "9b86f93c66562c2612bd5a911294e5d3d931fa4c",
        "is_verified": false,
        "line_number": 77
      },
      {
        "type": "Secret Keyword",
        "filename": "tests/unit/providers/test_model_matrix_benchmark.py",
        "hashed_secret": "e5e9fa1ba31ecd1ae84f75caaa474f3a663f05f4",
        "is_verified": false,
        "line_number": 219
      },
      {
        "type": "Secret Keyword",
        "filename": "tests/unit/providers/test_model_matrix_benchmark.py",
        "hashed_secret": "957af7971d66cb7bfda1fff979038caeffd61025",
        "is_verified": false,
        "line_number": 240
      },
      {
        "type": "Secret Keyword",
        "filename": "tests/unit/providers/test_model_matrix_benchmark.py",
        "hashed_secret": "dd65c1b4b3e66e765523873bd29cf5d6d6838189",
        "is_verified": false,
        "line_number": 277
      }
    ],
    "tests/unit/providers/test_provider_catalog.py": [
      {
        "type": "Secret Keyword",
        "filename": "tests/unit/providers/test_provider_catalog.py",
        "hashed_secret": "e5e9fa1ba31ecd1ae84f75caaa474f3a663f05f4",
        "is_verified": false,
        "line_number": 124
      }
    ],
    "tests/unit/scripts/test_network_status_guard.py": [
      {
        "type": "Secret Keyword",
        "filename": "tests/unit/scripts/test_network_status_guard.py",
        "hashed_secret": "c960bf09921a0ca2133caeed62c1e29dce3f0f42",
        "is_verified": false,
        "line_number": 74
      },
      {
        "type": "Secret Keyword",
        "filename": "tests/unit/scripts/test_network_status_guard.py",
        "hashed_secret": "b0aa61af9325d0705013fd4012eb9efbb93abb7e",
        "is_verified": false,
        "line_number": 126
      }
    ]
  },
  "generated_at": "2026-07-27T09:20:19Z"
}
